
Allocating common symbols
Common symbol       size              file

interrupt_stacks    0x10              kernel/interrupt.o
thread_table        0x800             kernel/thread.o
open_sockets        0x700             net/socket.o
process_table_slock
                    0x4               proc/process.o
open_sockets_sem    0x4               net/socket.o
scheduler_current_thread
                    0x10              kernel/scheduler.o
process_table       0x780             proc/process.o
thread_stack_areas  0x20000           kernel/thread.o
thread_table_slock  0x4               kernel/thread.o
network_interfaces  0x30              net/network.o

Discarded input sections

 .reginfo       0x0000000000000000       0x18 kernel/cswitch.o
 .reginfo       0x0000000000000000       0x18 kernel/_interrupt.o
 .reginfo       0x0000000000000000       0x18 kernel/_spinlock.o
 .reginfo       0x0000000000000000       0x18 kernel/idle.o
 .reginfo       0x0000000000000000       0x18 lib/rand.o
 .reginfo       0x0000000000000000       0x18 drivers/_timer.o
 .reginfo       0x0000000000000000       0x18 vm/_tlb.o
 .reginfo       0x0000000000000000       0x18 init/main.o
 .reginfo       0x0000000000000000       0x18 kernel/panic.o
 .reginfo       0x0000000000000000       0x18 kernel/kmalloc.o
 .reginfo       0x0000000000000000       0x18 kernel/interrupt.o
 .reginfo       0x0000000000000000       0x18 kernel/thread.o
 .reginfo       0x0000000000000000       0x18 kernel/scheduler.o
 .reginfo       0x0000000000000000       0x18 kernel/sleepq.o
 .reginfo       0x0000000000000000       0x18 kernel/semaphore.o
 .reginfo       0x0000000000000000       0x18 kernel/exception.o
 .reginfo       0x0000000000000000       0x18 kernel/halt.o
 .reginfo       0x0000000000000000       0x18 kernel/lock_cond.o
 .reginfo       0x0000000000000000       0x18 lib/libc.o
 .reginfo       0x0000000000000000       0x18 lib/xprintf.o
 .reginfo       0x0000000000000000       0x18 lib/bitmap.o
 .reginfo       0x0000000000000000       0x18 lib/debug.o
 .reginfo       0x0000000000000000       0x18 drivers/polltty.o
 .reginfo       0x0000000000000000       0x18 drivers/timer.o
 .reginfo       0x0000000000000000       0x18 drivers/bootargs.o
 .reginfo       0x0000000000000000       0x18 drivers/device.o
 .reginfo       0x0000000000000000       0x18 drivers/drivers.o
 .reginfo       0x0000000000000000       0x18 drivers/tty.o
 .reginfo       0x0000000000000000       0x18 drivers/disk.o
 .reginfo       0x0000000000000000       0x18 drivers/disksched.o
 .reginfo       0x0000000000000000       0x18 drivers/metadev.o
 .reginfo       0x0000000000000000       0x18 proc/exception.o
 .reginfo       0x0000000000000000       0x18 proc/elf.o
 .reginfo       0x0000000000000000       0x18 proc/process.o
 .reginfo       0x0000000000000000       0x18 proc/syscall.o
 .reginfo       0x0000000000000000       0x18 vm/vm.o
 .reginfo       0x0000000000000000       0x18 vm/pagepool.o
 .reginfo       0x0000000000000000       0x18 vm/tlb.o
 .reginfo       0x0000000000000000       0x18 fs/vfs.o
 .reginfo       0x0000000000000000       0x18 fs/tfs.o
 .reginfo       0x0000000000000000       0x18 fs/filesystems.o
 .reginfo       0x0000000000000000       0x18 net/network.o
 .reginfo       0x0000000000000000       0x18 net/protocols.o
 .reginfo       0x0000000000000000       0x18 net/socket.o
 .reginfo       0x0000000000000000       0x18 net/pop.o

Memory Configuration

Name             Origin             Length             Attributes
*default*        0x0000000000000000 0xffffffffffffffff

Linker script and memory map

                0x0000000080010000                . = 0x80010000

.text           0x0000000080010000     0xa098
 *(.text)
 .text          0x0000000080010000       0x60 init/_boot.o
                0x0000000080010000                _start
 .text          0x0000000080010060      0x350 kernel/cswitch.o
                0x0000000080010060                _cswitch_vector_code
                0x0000000080010080                _cswitch_switch
                0x0000000080010388                _cswitch_to_userland
 .text          0x00000000800103b0      0x120 kernel/_interrupt.o
                0x00000000800103b0                _interrupt_disable
                0x00000000800103cc                _interrupt_enable
                0x00000000800103e4                _interrupt_set_state
                0x0000000080010408                _interrupt_get_state
                0x0000000080010414                _interrupt_generate_sw0
                0x000000008001042c                _interrupt_clear_sw
                0x0000000080010444                _interrupt_clear_sw0
                0x000000008001045c                _interrupt_clear_sw1
                0x0000000080010474                _interrupt_clear_bootstrap
                0x0000000080010490                _interrupt_getcpu
                0x00000000800104a0                _interrupt_clear_EXL
                0x00000000800104b8                _interrupt_set_EXL
 .text          0x00000000800104d0       0x30 kernel/_spinlock.o
                0x00000000800104d0                spinlock_reset
                0x00000000800104d0                spinlock_release
                0x00000000800104dc                spinlock_acquire
 .text          0x0000000080010500        0xc kernel/idle.o
                0x0000000080010500                _idle_thread_wait_loop
 .text          0x000000008001050c       0x4c lib/rand.o
                0x000000008001050c                _set_rand_seed
                0x000000008001051c                _get_rand
 .text          0x0000000080010558       0x14 drivers/_timer.o
                0x0000000080010558                _timer_set_ticks
 .text          0x000000008001056c      0x15c vm/_tlb.o
                0x000000008001056c                _tlb_get_exception_state
                0x0000000080010590                _tlb_set_asid
                0x00000000800105b0                _tlb_get_maxindex
                0x00000000800105c4                _tlb_probe
                0x00000000800105dc                _tlb_read
                0x0000000080010640                _tlb_write
                0x00000000800106a4                _tlb_write_random
 .text          0x00000000800106c8      0x470 init/main.o
                0x00000000800106c8                init_startup_fallback
                0x0000000080010854                init_startup_thread
                0x0000000080010900                init
 .text          0x0000000080010b38       0x60 kernel/panic.o
                0x0000000080010b38                _kernel_panic
 .text          0x0000000080010b98      0x260 kernel/kmalloc.o
                0x0000000080010b98                kmalloc_get_numpages
                0x0000000080010c1c                kmalloc_get_reserved_pages
                0x0000000080010c44                kmalloc_disable
                0x0000000080010c54                kmalloc_init
                0x0000000080010ccc                kmalloc
 .text          0x0000000080010df8      0x37c kernel/interrupt.o
                0x0000000080010df8                interrupt_init
                0x0000000080010f1c                interrupt_register
                0x000000008001102c                interrupt_handle
 .text          0x0000000080011174      0x400 kernel/thread.o
                0x0000000080011174                thread_table_init
                0x0000000080011210                thread_create
                0x00000000800113b4                thread_run
                0x00000000800113bc                thread_switch
                0x00000000800113e8                thread_get_current_thread
                0x0000000080011434                thread_finish
                0x00000000800114e8                thread_get_current_thread_entry
                0x000000008001153c                thread_goto_userland
 .text          0x0000000080011574      0x330 kernel/scheduler.o
                0x0000000080011574                scheduler_init
                0x0000000080011590                scheduler_add_to_ready_list
                0x000000008001167c                scheduler_add_ready
                0x00000000800116e8                scheduler_schedule
 .text          0x00000000800118a4      0x48c kernel/sleepq.o
                0x00000000800118a4                sleepq_init
                0x00000000800118d0                sleepq_add
                0x0000000080011a28                sleepq_wake
                0x0000000080011b9c                sleepq_wake_all
 .text          0x0000000080011d30      0x2a4 kernel/semaphore.o
                0x0000000080011d30                semaphore_init
                0x0000000080011d78                semaphore_create
                0x0000000080011ec0                semaphore_destroy
                0x0000000080011ecc                semaphore_P
                0x0000000080011f54                semaphore_V
 .text          0x0000000080011fd4      0x290 kernel/exception.o
                0x000000008001200c                kernel_exception_handle
 .text          0x0000000080012264       0x3c kernel/halt.o
                0x0000000080012264                halt_kernel
 .text          0x00000000800122a0      0x1b0 kernel/lock_cond.o
                0x00000000800122a0                lock_reset
                0x00000000800122d0                lock_acquire
                0x0000000080012360                lock_release
                0x00000000800123ac                condition_init
                0x00000000800123b8                condition_wait
                0x0000000080012440                condition_signal
                0x0000000080012448                condition_broadcast
 .text          0x0000000080012450      0x3e4 lib/libc.o
                0x0000000080012450                kwrite
                0x0000000080012498                kread
                0x000000008001250c                stringcmp
                0x0000000080012584                stringcopy
                0x0000000080012614                memcopy
                0x00000000800126e0                memoryset
                0x0000000080012708                atoi
                0x00000000800127f8                strlen
 .text          0x0000000080012834      0x8c0 lib/xprintf.o
                0x0000000080012f94                kvprintf
                0x0000000080013014                kprintf
                0x00000000800130a4                vsnprintf
                0x00000000800130c4                snprintf
 .text          0x00000000800130f4      0x3b4 lib/bitmap.o
                0x00000000800130f4                bitmap_sizeof
                0x000000008001311c                bitmap_init
                0x00000000800131a0                bitmap_get
                0x0000000080013270                bitmap_set
                0x0000000080013390                bitmap_findnset
 .text          0x00000000800134a8       0x44 lib/debug.o
                0x00000000800134a8                DEBUG
 .text          0x00000000800134ec       0xe8 drivers/polltty.o
                0x00000000800134ec                polltty_init
                0x000000008001354c                polltty_getchar
                0x000000008001358c                polltty_putchar
 .text          0x00000000800135d4       0x30 drivers/timer.o
                0x00000000800135d4                timer_set_ticks
 .text          0x0000000080013604      0x278 drivers/bootargs.o
                0x0000000080013604                bootargs_init
                0x00000000800137e0                bootargs_get
 .text          0x000000008001387c      0x1fc drivers/device.o
                0x000000008001387c                device_init
                0x0000000080013a10                device_get
 .text          0x0000000080013a78        0x0 drivers/drivers.o
 .text          0x0000000080013a78      0x7c0 drivers/tty.o
                0x0000000080013a78                tty_interrupt_handle
                0x000000008001407c                tty_init
 .text          0x0000000080014238      0x570 drivers/disk.o
                0x0000000080014678                disk_init
 .text          0x00000000800147a8       0x3c drivers/disksched.o
                0x00000000800147a8                disksched_schedule
 .text          0x00000000800147e4      0x480 drivers/metadev.o
                0x0000000080014870                cpustatus_interrupt_handle
                0x00000000800148f8                rtc_init
                0x0000000080014968                rtc_get_msec
                0x0000000080014980                rtc_get_clockspeed
                0x0000000080014998                meminfo_init
                0x0000000080014a08                meminfo_get_pages
                0x0000000080014a20                cpustatus_init
                0x0000000080014ac4                cpustatus_count
                0x0000000080014b0c                cpustatus_generate_irq
                0x0000000080014b88                shutdown_init
                0x0000000080014bf8                shutdown
 .text          0x0000000080014c64      0x230 proc/exception.o
                0x0000000080014c64                user_exception_handle
 .text          0x0000000080014e94      0x22c proc/elf.o
                0x0000000080014e94                elf_parse_header
 .text          0x00000000800150c0      0xde4 proc/process.o
                0x00000000800150c0                process_start
                0x0000000080015664                process_launch
                0x00000000800156dc                process_run
                0x0000000080015884                process_get_current_process
                0x00000000800158c0                process_spawn
                0x0000000080015ab0                process_clear
                0x0000000080015b48                process_init
                0x0000000080015b94                process_join
                0x0000000080015d10                process_finish
 .text          0x0000000080015ea4      0x358 proc/syscall.o
                0x0000000080015ea4                syscall_read
                0x0000000080015f84                syscall_write
                0x0000000080016068                syscall_handle
 .text          0x00000000800161fc      0x534 vm/vm.o
                0x00000000800161fc                vm_init
                0x0000000080016218                vm_create_pagetable
                0x0000000080016260                vm_destroy_pagetable
                0x0000000080016270                vm_map
                0x0000000080016588                vm_unmap
                0x0000000080016590                vm_set_dirty
 .text          0x0000000080016730      0x27c vm/pagepool.o
                0x0000000080016730                pagepool_init
                0x0000000080016808                pagepool_get_phys_page
                0x00000000800168d4                pagepool_free_phys_page
 .text          0x00000000800169ac       0xd4 vm/tlb.o
                0x00000000800169ac                tlb_modified_exception
                0x00000000800169c4                tlb_load_exception
                0x00000000800169dc                tlb_store_exception
                0x00000000800169f4                tlb_fill
 .text          0x0000000080016a80     0x118c fs/vfs.o
                0x0000000080016dc4                vfs_init
                0x0000000080016ec0                vfs_deinit
                0x0000000080017050                vfs_mount
                0x00000000800171e8                vfs_mount_fs
                0x00000000800172e8                vfs_mount_all
                0x0000000080017370                vfs_unmount
                0x00000000800174e0                vfs_open
                0x00000000800176c8                vfs_close
                0x0000000080017750                vfs_seek
                0x00000000800177e4                vfs_read
                0x00000000800178cc                vfs_write
                0x00000000800179b4                vfs_create
                0x0000000080017aa8                vfs_remove
                0x0000000080017b68                vfs_getfree
 .text          0x0000000080017c0c      0xff8 fs/tfs.o
                0x0000000080017c0c                tfs_close
                0x0000000080017c14                tfs_getfree
                0x0000000080017cf0                tfs_write
                0x0000000080018030                tfs_read
                0x00000000800182c0                tfs_open
                0x00000000800183c4                tfs_remove
                0x000000008001863c                tfs_create
                0x0000000080018994                tfs_unmount
                0x00000000800189ec                tfs_init
 .text          0x0000000080018c04       0xb8 fs/filesystems.o
                0x0000000080018c04                filesystems_try_all
 .text          0x0000000080018cbc      0x5e0 net/network.o
                0x0000000080018ddc                network_init
                0x0000000080018f50                network_get_source_address
                0x0000000080018f88                network_get_broadcast_address
                0x0000000080018f90                network_get_loopback_address
                0x0000000080018f98                network_get_mtu
                0x0000000080019080                network_send
                0x000000008001928c                network_free_frame
 .text          0x000000008001929c       0xd0 net/protocols.o
                0x000000008001929c                protocols_get_frame_handler
                0x00000000800192fc                protocols_init
 .text          0x000000008001936c      0x370 net/socket.o
                0x000000008001936c                socket_init
                0x000000008001942c                socket_open
                0x0000000080019630                socket_close
 .text          0x00000000800196dc      0x9bc net/pop.o
                0x0000000080019a10                socket_sendto
                0x0000000080019c14                socket_recvfrom
                0x0000000080019d78                pop_init
                0x0000000080019ecc                pop_push_frame

.rodata         0x000000008001a098     0x1698
 *(.rodata .rodata.*)
 .rodata.str1.4
                0x000000008001a098      0x4a9 init/main.o
                                        0x4b0 (size before relaxing)
 *fill*         0x000000008001a541        0x3 00
 .rodata.str1.4
                0x000000008001a544       0x26 kernel/panic.o
                                         0x28 (size before relaxing)
 *fill*         0x000000008001a56a        0x2 00
 .rodata.str1.4
                0x000000008001a56c      0x11f kernel/kmalloc.o
                                        0x120 (size before relaxing)
 *fill*         0x000000008001a68b        0x1 00
 .rodata.str1.4
                0x000000008001a68c       0xea kernel/interrupt.o
                                         0xec (size before relaxing)
 *fill*         0x000000008001a776        0x2 00
 .rodata.str1.4
                0x000000008001a778       0x6b kernel/thread.o
                                         0x80 (size before relaxing)
 *fill*         0x000000008001a7e3        0x1 00
 .rodata.str1.4
                0x000000008001a7e4       0x13 kernel/scheduler.o
                                         0x28 (size before relaxing)
 *fill*         0x000000008001a7f7        0x1 00
 .rodata.str1.4
                0x000000008001a7f8       0x10 kernel/sleepq.o
                                         0x24 (size before relaxing)
 .rodata.str1.4
                0x000000008001a808       0x13 kernel/semaphore.o
                                         0x28 (size before relaxing)
 *fill*         0x000000008001a81b        0x1 00
 .rodata.str1.4
                0x000000008001a81c      0x26a kernel/exception.o
                                        0x26c (size before relaxing)
 *fill*         0x000000008001aa86        0x2 00
 .rodata        0x000000008001aa88       0x38 kernel/exception.o
 .rodata.str1.4
                0x000000008001aac0       0x54 kernel/halt.o
 .rodata.str1.4
                0x000000008001ab14       0x13 kernel/lock_cond.o
                                         0x28 (size before relaxing)
 *fill*         0x000000008001ab27        0x1 00
 .rodata        0x000000008001ab28      0x10c lib/xprintf.o
 .rodata.str1.4
                0x000000008001ac34       0x2c lib/bitmap.o
                                         0x40 (size before relaxing)
 .rodata.str1.4
                0x0000000000000000       0x2c drivers/bootargs.o
                                          0x4 (size before relaxing)
 .rodata.str1.4
                0x000000008001ac60       0xa9 drivers/device.o
                                         0xac (size before relaxing)
 *fill*         0x000000008001ad09        0x3 00
 .rodata.str1.4
                0x000000008001ad0c       0x51 drivers/drivers.o
                                         0x54 (size before relaxing)
 *fill*         0x000000008001ad5d        0x3 00
 .rodata.str1.4
                0x000000008001ad60       0x8e drivers/tty.o
                                         0x90 (size before relaxing)
 *fill*         0x000000008001adee        0x2 00
 .rodata.str1.4
                0x000000008001adf0       0x93 drivers/disk.o
                                         0xa8 (size before relaxing)
 *fill*         0x000000008001ae83        0x1 00
 .rodata.str1.4
                0x000000008001ae84      0x12c drivers/metadev.o
                                        0x140 (size before relaxing)
 .rodata.str1.4
                0x000000008001afb0       0x11 proc/exception.o
                                        0x1d8 (size before relaxing)
 *fill*         0x000000008001afc1        0x3 00
 .rodata        0x000000008001afc4       0x38 proc/exception.o
 .rodata.str1.4
                0x000000008001affc       0x52 proc/process.o
                                         0x68 (size before relaxing)
 *fill*         0x000000008001b04e        0x2 00
 .rodata        0x000000008001b050        0x4 proc/process.o
 .rodata.str1.4
                0x000000008001b054       0x87 proc/syscall.o
                                         0x9c (size before relaxing)
 *fill*         0x000000008001b0db        0x1 00
 .rodata.str1.4
                0x000000008001b0dc      0x100 vm/vm.o
                                        0x114 (size before relaxing)
 .rodata.str1.4
                0x000000008001b1dc       0x6a vm/pagepool.o
                                         0x80 (size before relaxing)
 *fill*         0x000000008001b246        0x2 00
 .rodata.str1.4
                0x000000008001b248       0x6e vm/tlb.o
                                         0x84 (size before relaxing)
 *fill*         0x000000008001b2b6        0x2 00
 .rodata.str1.4
                0x000000008001b2b8      0x2d1 fs/vfs.o
                                        0x2e8 (size before relaxing)
 *fill*         0x000000008001b589        0x3 00
 .rodata.str1.4
                0x000000008001b58c       0x92 fs/tfs.o
                                         0x94 (size before relaxing)
 *fill*         0x000000008001b61e        0x2 00
 .rodata.str1.4
                0x000000008001b620       0x2c fs/filesystems.o
 .rodata.str1.4
                0x000000008001b64c       0x4e net/network.o
                                         0x64 (size before relaxing)
 *fill*         0x000000008001b69a        0x2 00
 .rodata.str1.4
                0x000000008001b69c       0x3a net/socket.o
                                         0x50 (size before relaxing)
 *fill*         0x000000008001b6d6        0x2 00
 .rodata.str1.4
                0x000000008001b6d8       0x58 net/pop.o
                                         0x6c (size before relaxing)

.rel.dyn        0x000000008001b730        0x0
 .rel.dyn       0x0000000000000000        0x0 drivers/drivers.o

.data           0x000000008001b730       0x90
 *(.data)
 .data          0x000000008001b730        0x0 init/_boot.o
 .data          0x000000008001b730        0x0 kernel/cswitch.o
 .data          0x000000008001b730        0x0 kernel/_interrupt.o
 .data          0x000000008001b730        0x0 kernel/_spinlock.o
 .data          0x000000008001b730        0x0 kernel/idle.o
 .data          0x000000008001b730        0xc lib/rand.o
 .data          0x000000008001b73c        0x0 drivers/_timer.o
 .data          0x000000008001b73c        0x0 vm/_tlb.o
 .data          0x000000008001b73c        0x0 init/main.o
 .data          0x000000008001b73c        0x0 kernel/panic.o
 .data          0x000000008001b73c        0x0 kernel/kmalloc.o
 .data          0x000000008001b73c        0x0 kernel/interrupt.o
 .data          0x000000008001b73c        0x0 kernel/thread.o
 .data          0x000000008001b73c        0x8 kernel/scheduler.o
 .data          0x000000008001b744        0x0 kernel/sleepq.o
 .data          0x000000008001b744        0x0 kernel/semaphore.o
 .data          0x000000008001b744        0x0 kernel/exception.o
 .data          0x000000008001b744        0x0 kernel/halt.o
 .data          0x000000008001b744        0x0 kernel/lock_cond.o
 .data          0x000000008001b744        0x0 lib/libc.o
 .data          0x000000008001b744        0x0 lib/xprintf.o
 .data          0x000000008001b744        0x0 lib/bitmap.o
 .data          0x000000008001b744        0x0 lib/debug.o
 .data          0x000000008001b744        0x0 drivers/polltty.o
 .data          0x000000008001b744        0x0 drivers/timer.o
 .data          0x000000008001b744        0x0 drivers/bootargs.o
 .data          0x000000008001b744        0x0 drivers/device.o
 .data          0x000000008001b744       0x54 drivers/drivers.o
                0x000000008001b744                drivers_available
 .data          0x000000008001b798        0x0 drivers/tty.o
 .data          0x000000008001b798        0x0 drivers/disk.o
 .data          0x000000008001b798        0x0 drivers/disksched.o
 .data          0x000000008001b798        0x0 drivers/metadev.o
 .data          0x000000008001b798        0x0 proc/exception.o
 .data          0x000000008001b798        0x0 proc/elf.o
 .data          0x000000008001b798        0x0 proc/process.o
 .data          0x000000008001b798        0x0 proc/syscall.o
 .data          0x000000008001b798        0x0 vm/vm.o
 .data          0x000000008001b798        0x0 vm/pagepool.o
 .data          0x000000008001b798        0x0 vm/tlb.o
 .data          0x000000008001b798        0x0 fs/vfs.o
 .data          0x000000008001b798        0x0 fs/tfs.o
 .data          0x000000008001b798       0x10 fs/filesystems.o
 .data          0x000000008001b7a8        0x0 net/network.o
 .data          0x000000008001b7a8       0x18 net/protocols.o
                0x000000008001b7a8                network_protocols
 .data          0x000000008001b7c0        0x0 net/socket.o
 .data          0x000000008001b7c0        0x0 net/pop.o

.bss            0x000000008001b7c0    0x243bc
 *(.bss COMMON)
 .bss           0x000000008001b7c0        0x0 init/_boot.o
 .bss           0x000000008001b7c0        0x0 kernel/cswitch.o
 .bss           0x000000008001b7c0        0x0 kernel/_interrupt.o
 .bss           0x000000008001b7c0        0x0 kernel/_spinlock.o
 .bss           0x000000008001b7c0        0x0 kernel/idle.o
 .bss           0x000000008001b7c0        0x0 lib/rand.o
 .bss           0x000000008001b7c0        0x0 drivers/_timer.o
 .bss           0x000000008001b7c0        0x0 vm/_tlb.o
 .bss           0x000000008001b7c0        0x4 init/main.o
                0x000000008001b7c0                kernel_bootstrap_finished
 .bss           0x000000008001b7c4        0x0 kernel/panic.o
 .bss           0x000000008001b7c4        0x8 kernel/kmalloc.o
 .bss           0x000000008001b7cc      0x600 kernel/interrupt.o
 COMMON         0x000000008001bdcc       0x10 kernel/interrupt.o
                0x000000008001bdcc                interrupt_stacks
 .bss           0x000000008001bddc        0x4 kernel/thread.o
 COMMON         0x000000008001bde0    0x20804 kernel/thread.o
                0x000000008001bde0                thread_table
                0x000000008001c5e0                thread_stack_areas
                0x000000008003c5e0                thread_table_slock
 .bss           0x000000008003c5e4        0x0 kernel/scheduler.o
 COMMON         0x000000008003c5e4       0x10 kernel/scheduler.o
                0x000000008003c5e4                scheduler_current_thread
 .bss           0x000000008003c5f4      0x200 kernel/sleepq.o
 .bss           0x000000008003c7f4      0x608 kernel/semaphore.o
 .bss           0x000000008003cdfc        0x0 kernel/exception.o
 .bss           0x000000008003cdfc        0x0 kernel/halt.o
 .bss           0x000000008003cdfc        0x0 kernel/lock_cond.o
 .bss           0x000000008003cdfc        0x0 lib/libc.o
 .bss           0x000000008003cdfc        0x4 lib/xprintf.o
                0x000000008003cdfc                kprintf_slock
 .bss           0x000000008003ce00        0x0 lib/bitmap.o
 .bss           0x000000008003ce00        0x0 lib/debug.o
 .bss           0x000000008003ce00        0x4 drivers/polltty.o
 .bss           0x000000008003ce04        0x0 drivers/timer.o
 .bss           0x000000008003ce04      0x100 drivers/bootargs.o
 .bss           0x000000008003cf04      0x204 drivers/device.o
 .bss           0x000000008003d108        0x0 drivers/drivers.o
 .bss           0x000000008003d108        0x4 drivers/tty.o
 .bss           0x000000008003d10c        0x0 drivers/disk.o
 .bss           0x000000008003d10c        0x0 drivers/disksched.o
 .bss           0x000000008003d10c       0x48 drivers/metadev.o
 .bss           0x000000008003d154        0x0 proc/exception.o
 .bss           0x000000008003d154        0x0 proc/elf.o
 .bss           0x000000008003d154        0x8 proc/process.o
 COMMON         0x000000008003d15c      0x784 proc/process.o
                0x000000008003d15c                process_table_slock
                0x000000008003d160                process_table
 .bss           0x000000008003d8e0        0x0 proc/syscall.o
 .bss           0x000000008003d8e0        0x0 vm/vm.o
 .bss           0x000000008003d8e0       0x14 vm/pagepool.o
 .bss           0x000000008003d8f4        0x0 vm/tlb.o
 .bss           0x000000008003d8f4     0x18b8 fs/vfs.o
 .bss           0x000000008003f1ac        0x0 fs/tfs.o
 .bss           0x000000008003f1ac        0x0 fs/filesystems.o
 .bss           0x000000008003f1ac        0x0 net/network.o
 COMMON         0x000000008003f1ac       0x30 net/network.o
                0x000000008003f1ac                network_interfaces
 .bss           0x000000008003f1dc        0x0 net/protocols.o
 .bss           0x000000008003f1dc        0x4 net/socket.o
 COMMON         0x000000008003f1e0      0x704 net/socket.o
                0x000000008003f1e0                open_sockets
                0x000000008003f8e0                open_sockets_sem
 .bss           0x000000008003f8e4      0x298 net/pop.o
                0x000000008003fb7c                KERNEL_ENDS_HERE = .
LOAD init/_boot.o
LOAD kernel/cswitch.o
LOAD kernel/_interrupt.o
LOAD kernel/_spinlock.o
LOAD kernel/idle.o
LOAD lib/rand.o
LOAD drivers/_timer.o
LOAD vm/_tlb.o
LOAD init/main.o
LOAD kernel/panic.o
LOAD kernel/kmalloc.o
LOAD kernel/interrupt.o
LOAD kernel/thread.o
LOAD kernel/scheduler.o
LOAD kernel/sleepq.o
LOAD kernel/semaphore.o
LOAD kernel/exception.o
LOAD kernel/halt.o
LOAD kernel/lock_cond.o
LOAD lib/libc.o
LOAD lib/xprintf.o
LOAD lib/bitmap.o
LOAD lib/debug.o
LOAD drivers/polltty.o
LOAD drivers/timer.o
LOAD drivers/bootargs.o
LOAD drivers/device.o
LOAD drivers/drivers.o
LOAD drivers/tty.o
LOAD drivers/disk.o
LOAD drivers/disksched.o
LOAD drivers/metadev.o
LOAD proc/exception.o
LOAD proc/elf.o
LOAD proc/process.o
LOAD proc/syscall.o
LOAD vm/vm.o
LOAD vm/pagepool.o
LOAD vm/tlb.o
LOAD fs/vfs.o
LOAD fs/tfs.o
LOAD fs/filesystems.o
LOAD net/network.o
LOAD net/protocols.o
LOAD net/socket.o
LOAD net/pop.o
OUTPUT(buenos elf32-bigmips)

.reginfo        0x0000000000000000       0x18
 .reginfo       0x0000000000000000       0x18 init/_boot.o

.pdr            0x0000000000000000     0x1980
 .pdr           0x0000000000000000       0x40 init/_boot.o
 .pdr           0x0000000000000040       0xa0 kernel/cswitch.o
 .pdr           0x00000000000000e0      0x180 kernel/_interrupt.o
 .pdr           0x0000000000000260       0x40 kernel/_spinlock.o
 .pdr           0x00000000000002a0       0x20 kernel/idle.o
 .pdr           0x00000000000002c0       0x40 lib/rand.o
 .pdr           0x0000000000000300       0x20 drivers/_timer.o
 .pdr           0x0000000000000320       0xe0 vm/_tlb.o
 .pdr           0x0000000000000400       0x60 init/main.o
 .pdr           0x0000000000000460       0x20 kernel/panic.o
 .pdr           0x0000000000000480       0xa0 kernel/kmalloc.o
 .pdr           0x0000000000000520       0x60 kernel/interrupt.o
 .pdr           0x0000000000000580      0x100 kernel/thread.o
 .pdr           0x0000000000000680       0x80 kernel/scheduler.o
 .pdr           0x0000000000000700       0x80 kernel/sleepq.o
 .pdr           0x0000000000000780       0xa0 kernel/semaphore.o
 .pdr           0x0000000000000820       0x40 kernel/exception.o
 .pdr           0x0000000000000860       0x20 kernel/halt.o
 .pdr           0x0000000000000880       0xe0 kernel/lock_cond.o
 .pdr           0x0000000000000960      0x100 lib/libc.o
 .pdr           0x0000000000000a60       0xe0 lib/xprintf.o
 .pdr           0x0000000000000b40       0xa0 lib/bitmap.o
 .pdr           0x0000000000000be0       0x20 lib/debug.o
 .pdr           0x0000000000000c00       0x60 drivers/polltty.o
 .pdr           0x0000000000000c60       0x20 drivers/timer.o
 .pdr           0x0000000000000c80       0x40 drivers/bootargs.o
 .pdr           0x0000000000000cc0       0x40 drivers/device.o
 .pdr           0x0000000000000d00        0x0 drivers/drivers.o
 .pdr           0x0000000000000d00       0x80 drivers/tty.o
 .pdr           0x0000000000000d80      0x100 drivers/disk.o
 .pdr           0x0000000000000e80       0x20 drivers/disksched.o
 .pdr           0x0000000000000ea0      0x180 drivers/metadev.o
 .pdr           0x0000000000001020       0x20 proc/exception.o
 .pdr           0x0000000000001040       0x20 proc/elf.o
 .pdr           0x0000000000001060      0x120 proc/process.o
 .pdr           0x0000000000001180       0x60 proc/syscall.o
 .pdr           0x00000000000011e0       0xc0 vm/vm.o
 .pdr           0x00000000000012a0       0x60 vm/pagepool.o
 .pdr           0x0000000000001300       0x80 vm/tlb.o
 .pdr           0x0000000000001380      0x260 fs/vfs.o
 .pdr           0x00000000000015e0      0x120 fs/tfs.o
 .pdr           0x0000000000001700       0x20 fs/filesystems.o
 .pdr           0x0000000000001720      0x120 net/network.o
 .pdr           0x0000000000001840       0x40 net/protocols.o
 .pdr           0x0000000000001880       0x60 net/socket.o
 .pdr           0x00000000000018e0       0xa0 net/pop.o

.mdebug.abi32   0x0000000000000000        0x0
 .mdebug.abi32  0x0000000000000000        0x0 init/main.o
 .mdebug.abi32  0x0000000000000000        0x0 kernel/panic.o
 .mdebug.abi32  0x0000000000000000        0x0 kernel/kmalloc.o
 .mdebug.abi32  0x0000000000000000        0x0 kernel/interrupt.o
 .mdebug.abi32  0x0000000000000000        0x0 kernel/thread.o
 .mdebug.abi32  0x0000000000000000        0x0 kernel/scheduler.o
 .mdebug.abi32  0x0000000000000000        0x0 kernel/sleepq.o
 .mdebug.abi32  0x0000000000000000        0x0 kernel/semaphore.o
 .mdebug.abi32  0x0000000000000000        0x0 kernel/exception.o
 .mdebug.abi32  0x0000000000000000        0x0 kernel/halt.o
 .mdebug.abi32  0x0000000000000000        0x0 kernel/lock_cond.o
 .mdebug.abi32  0x0000000000000000        0x0 lib/libc.o
 .mdebug.abi32  0x0000000000000000        0x0 lib/xprintf.o
 .mdebug.abi32  0x0000000000000000        0x0 lib/bitmap.o
 .mdebug.abi32  0x0000000000000000        0x0 lib/debug.o
 .mdebug.abi32  0x0000000000000000        0x0 drivers/polltty.o
 .mdebug.abi32  0x0000000000000000        0x0 drivers/timer.o
 .mdebug.abi32  0x0000000000000000        0x0 drivers/bootargs.o
 .mdebug.abi32  0x0000000000000000        0x0 drivers/device.o
 .mdebug.abi32  0x0000000000000000        0x0 drivers/drivers.o
 .mdebug.abi32  0x0000000000000000        0x0 drivers/tty.o
 .mdebug.abi32  0x0000000000000000        0x0 drivers/disk.o
 .mdebug.abi32  0x0000000000000000        0x0 drivers/disksched.o
 .mdebug.abi32  0x0000000000000000        0x0 drivers/metadev.o
 .mdebug.abi32  0x0000000000000000        0x0 proc/exception.o
 .mdebug.abi32  0x0000000000000000        0x0 proc/elf.o
 .mdebug.abi32  0x0000000000000000        0x0 proc/process.o
 .mdebug.abi32  0x0000000000000000        0x0 proc/syscall.o
 .mdebug.abi32  0x0000000000000000        0x0 vm/vm.o
 .mdebug.abi32  0x0000000000000000        0x0 vm/pagepool.o
 .mdebug.abi32  0x0000000000000000        0x0 vm/tlb.o
 .mdebug.abi32  0x0000000000000000        0x0 fs/vfs.o
 .mdebug.abi32  0x0000000000000000        0x0 fs/tfs.o
 .mdebug.abi32  0x0000000000000000        0x0 fs/filesystems.o
 .mdebug.abi32  0x0000000000000000        0x0 net/network.o
 .mdebug.abi32  0x0000000000000000        0x0 net/protocols.o
 .mdebug.abi32  0x0000000000000000        0x0 net/socket.o
 .mdebug.abi32  0x0000000000000000        0x0 net/pop.o

.comment        0x0000000000000000       0x11
 .comment       0x0000000000000000       0x11 init/main.o
                                         0x12 (size before relaxing)
 .comment       0x0000000000000000       0x12 kernel/panic.o
 .comment       0x0000000000000000       0x12 kernel/kmalloc.o
 .comment       0x0000000000000000       0x12 kernel/interrupt.o
 .comment       0x0000000000000000       0x12 kernel/thread.o
 .comment       0x0000000000000000       0x12 kernel/scheduler.o
 .comment       0x0000000000000000       0x12 kernel/sleepq.o
 .comment       0x0000000000000000       0x12 kernel/semaphore.o
 .comment       0x0000000000000000       0x12 kernel/exception.o
 .comment       0x0000000000000000       0x12 kernel/halt.o
 .comment       0x0000000000000000       0x12 kernel/lock_cond.o
 .comment       0x0000000000000000       0x12 lib/libc.o
 .comment       0x0000000000000000       0x12 lib/xprintf.o
 .comment       0x0000000000000000       0x12 lib/bitmap.o
 .comment       0x0000000000000000       0x12 lib/debug.o
 .comment       0x0000000000000000       0x12 drivers/polltty.o
 .comment       0x0000000000000000       0x12 drivers/timer.o
 .comment       0x0000000000000000       0x12 drivers/bootargs.o
 .comment       0x0000000000000000       0x12 drivers/device.o
 .comment       0x0000000000000000       0x12 drivers/drivers.o
 .comment       0x0000000000000000       0x12 drivers/tty.o
 .comment       0x0000000000000000       0x12 drivers/disk.o
 .comment       0x0000000000000000       0x12 drivers/disksched.o
 .comment       0x0000000000000000       0x12 drivers/metadev.o
 .comment       0x0000000000000000       0x12 proc/exception.o
 .comment       0x0000000000000000       0x12 proc/elf.o
 .comment       0x0000000000000000       0x12 proc/process.o
 .comment       0x0000000000000000       0x12 proc/syscall.o
 .comment       0x0000000000000000       0x12 vm/vm.o
 .comment       0x0000000000000000       0x12 vm/pagepool.o
 .comment       0x0000000000000000       0x12 vm/tlb.o
 .comment       0x0000000000000000       0x12 fs/vfs.o
 .comment       0x0000000000000000       0x12 fs/tfs.o
 .comment       0x0000000000000000       0x12 fs/filesystems.o
 .comment       0x0000000000000000       0x12 net/network.o
 .comment       0x0000000000000000       0x12 net/protocols.o
 .comment       0x0000000000000000       0x12 net/socket.o
 .comment       0x0000000000000000       0x12 net/pop.o

.gnu.attributes
                0x0000000000000000       0x10
 .gnu.attributes
                0x0000000000000000       0x10 init/main.o
 .gnu.attributes
                0x0000000000000010       0x10 kernel/panic.o
 .gnu.attributes
                0x0000000000000020       0x10 kernel/kmalloc.o
 .gnu.attributes
                0x0000000000000030       0x10 kernel/interrupt.o
 .gnu.attributes
                0x0000000000000040       0x10 kernel/thread.o
 .gnu.attributes
                0x0000000000000050       0x10 kernel/scheduler.o
 .gnu.attributes
                0x0000000000000060       0x10 kernel/sleepq.o
 .gnu.attributes
                0x0000000000000070       0x10 kernel/semaphore.o
 .gnu.attributes
                0x0000000000000080       0x10 kernel/exception.o
 .gnu.attributes
                0x0000000000000090       0x10 kernel/halt.o
 .gnu.attributes
                0x00000000000000a0       0x10 kernel/lock_cond.o
 .gnu.attributes
                0x00000000000000b0       0x10 lib/libc.o
 .gnu.attributes
                0x00000000000000c0       0x10 lib/xprintf.o
 .gnu.attributes
                0x00000000000000d0       0x10 lib/bitmap.o
 .gnu.attributes
                0x00000000000000e0       0x10 lib/debug.o
 .gnu.attributes
                0x00000000000000f0       0x10 drivers/polltty.o
 .gnu.attributes
                0x0000000000000100       0x10 drivers/timer.o
 .gnu.attributes
                0x0000000000000110       0x10 drivers/bootargs.o
 .gnu.attributes
                0x0000000000000120       0x10 drivers/device.o
 .gnu.attributes
                0x0000000000000130       0x10 drivers/drivers.o
 .gnu.attributes
                0x0000000000000140       0x10 drivers/tty.o
 .gnu.attributes
                0x0000000000000150       0x10 drivers/disk.o
 .gnu.attributes
                0x0000000000000160       0x10 drivers/disksched.o
 .gnu.attributes
                0x0000000000000170       0x10 drivers/metadev.o
 .gnu.attributes
                0x0000000000000180       0x10 proc/exception.o
 .gnu.attributes
                0x0000000000000190       0x10 proc/elf.o
 .gnu.attributes
                0x00000000000001a0       0x10 proc/process.o
 .gnu.attributes
                0x00000000000001b0       0x10 proc/syscall.o
 .gnu.attributes
                0x00000000000001c0       0x10 vm/vm.o
 .gnu.attributes
                0x00000000000001d0       0x10 vm/pagepool.o
 .gnu.attributes
                0x00000000000001e0       0x10 vm/tlb.o
 .gnu.attributes
                0x00000000000001f0       0x10 fs/vfs.o
 .gnu.attributes
                0x0000000000000200       0x10 fs/tfs.o
 .gnu.attributes
                0x0000000000000210       0x10 fs/filesystems.o
 .gnu.attributes
                0x0000000000000220       0x10 net/network.o
 .gnu.attributes
                0x0000000000000230       0x10 net/protocols.o
 .gnu.attributes
                0x0000000000000240       0x10 net/socket.o
 .gnu.attributes
                0x0000000000000250       0x10 net/pop.o

.stab           0x0000000000000000     0x1560
 .stab          0x0000000000000000       0xfc init/_boot.o
 .stab          0x00000000000000fc      0x9d8 kernel/cswitch.o
                                        0x9e4 (size before relaxing)
 .stab          0x0000000000000ad4      0x3f0 kernel/_interrupt.o
                                        0x3fc (size before relaxing)
 .stab          0x0000000000000ec4       0xb4 kernel/_spinlock.o
                                         0xc0 (size before relaxing)
 .stab          0x0000000000000f78       0x54 kernel/idle.o
                                         0x60 (size before relaxing)
 .stab          0x0000000000000fcc       0xe4 lib/rand.o
                                         0xf0 (size before relaxing)
 .stab          0x00000000000010b0       0x6c drivers/_timer.o
                                         0x78 (size before relaxing)
 .stab          0x000000000000111c      0x444 vm/_tlb.o
                                        0x450 (size before relaxing)

.stabstr        0x0000000000000000      0x3a9
 .stabstr       0x0000000000000000      0x3a9 init/_boot.o

.debug_info     0x0000000000000000     0x8ae0
 .debug_info    0x0000000000000000      0x310 init/main.o
 .debug_info    0x0000000000000310       0xc1 kernel/panic.o
 .debug_info    0x00000000000003d1      0x235 kernel/kmalloc.o
 .debug_info    0x0000000000000606      0x349 kernel/interrupt.o
 .debug_info    0x000000000000094f      0x5dc kernel/thread.o
 .debug_info    0x0000000000000f2b      0x4fb kernel/scheduler.o
 .debug_info    0x0000000000001426      0x52c kernel/sleepq.o
 .debug_info    0x0000000000001952      0x22d kernel/semaphore.o
 .debug_info    0x0000000000001b7f      0x114 kernel/exception.o
 .debug_info    0x0000000000001c93       0x7a kernel/halt.o
 .debug_info    0x0000000000001d0d      0x223 kernel/lock_cond.o
 .debug_info    0x0000000000001f30      0x322 lib/libc.o
 .debug_info    0x0000000000002252      0x534 lib/xprintf.o
 .debug_info    0x0000000000002786      0x22e lib/bitmap.o
 .debug_info    0x00000000000029b4       0xd8 lib/debug.o
 .debug_info    0x0000000000002a8c      0x1bc drivers/polltty.o
 .debug_info    0x0000000000002c48       0xaf drivers/timer.o
 .debug_info    0x0000000000002cf7      0x1d6 drivers/bootargs.o
 .debug_info    0x0000000000002ecd      0x2ef drivers/device.o
 .debug_info    0x00000000000031bc      0x1e1 drivers/drivers.o
 .debug_info    0x000000000000339d      0x50c drivers/tty.o
 .debug_info    0x00000000000038a9      0x673 drivers/disk.o
 .debug_info    0x0000000000003f1c      0x1c5 drivers/disksched.o
 .debug_info    0x00000000000040e1      0x4e2 drivers/metadev.o
 .debug_info    0x00000000000045c3      0x374 proc/exception.o
 .debug_info    0x0000000000004937      0x32a proc/elf.o
 .debug_info    0x0000000000004c61      0x824 proc/process.o
 .debug_info    0x0000000000005485      0x379 proc/syscall.o
 .debug_info    0x00000000000057fe      0x33f vm/vm.o
 .debug_info    0x0000000000005b3d      0x1a1 vm/pagepool.o
 .debug_info    0x0000000000005cde      0x233 vm/tlb.o
 .debug_info    0x0000000000005f11      0xc0d fs/vfs.o
 .debug_info    0x0000000000006b1e      0x9fa fs/tfs.o
 .debug_info    0x0000000000007518      0x51d fs/filesystems.o
 .debug_info    0x0000000000007a35      0x72c net/network.o
 .debug_info    0x0000000000008161      0x186 net/protocols.o
 .debug_info    0x00000000000082e7      0x2a7 net/socket.o
 .debug_info    0x000000000000858e      0x552 net/pop.o

.debug_abbrev   0x0000000000000000     0x2f5e
 .debug_abbrev  0x0000000000000000      0x12d init/main.o
 .debug_abbrev  0x000000000000012d       0x68 kernel/panic.o
 .debug_abbrev  0x0000000000000195      0x151 kernel/kmalloc.o
 .debug_abbrev  0x00000000000002e6      0x127 kernel/interrupt.o
 .debug_abbrev  0x000000000000040d      0x20d kernel/thread.o
 .debug_abbrev  0x000000000000061a      0x1b6 kernel/scheduler.o
 .debug_abbrev  0x00000000000007d0      0x16d kernel/sleepq.o
 .debug_abbrev  0x000000000000093d      0x10f kernel/semaphore.o
 .debug_abbrev  0x0000000000000a4c       0xaa kernel/exception.o
 .debug_abbrev  0x0000000000000af6       0x3f kernel/halt.o
 .debug_abbrev  0x0000000000000b35       0xe5 kernel/lock_cond.o
 .debug_abbrev  0x0000000000000c1a      0x136 lib/libc.o
 .debug_abbrev  0x0000000000000d50      0x1d4 lib/xprintf.o
 .debug_abbrev  0x0000000000000f24      0x11c lib/bitmap.o
 .debug_abbrev  0x0000000000001040       0x8c lib/debug.o
 .debug_abbrev  0x00000000000010cc       0xf2 drivers/polltty.o
 .debug_abbrev  0x00000000000011be       0x6a drivers/timer.o
 .debug_abbrev  0x0000000000001228      0x149 drivers/bootargs.o
 .debug_abbrev  0x0000000000001371      0x183 drivers/device.o
 .debug_abbrev  0x00000000000014f4       0xae drivers/drivers.o
 .debug_abbrev  0x00000000000015a2      0x1b5 drivers/tty.o
 .debug_abbrev  0x0000000000001757      0x1b1 drivers/disk.o
 .debug_abbrev  0x0000000000001908       0xe2 drivers/disksched.o
 .debug_abbrev  0x00000000000019ea      0x1b9 drivers/metadev.o
 .debug_abbrev  0x0000000000001ba3      0x111 proc/exception.o
 .debug_abbrev  0x0000000000001cb4       0xec proc/elf.o
 .debug_abbrev  0x0000000000001da0      0x211 proc/process.o
 .debug_abbrev  0x0000000000001fb1       0xff proc/syscall.o
 .debug_abbrev  0x00000000000020b0      0x152 vm/vm.o
 .debug_abbrev  0x0000000000002202       0xac vm/pagepool.o
 .debug_abbrev  0x00000000000022ae       0xe2 vm/tlb.o
 .debug_abbrev  0x0000000000002390      0x267 fs/vfs.o
 .debug_abbrev  0x00000000000025f7      0x205 fs/tfs.o
 .debug_abbrev  0x00000000000027fc      0x117 fs/filesystems.o
 .debug_abbrev  0x0000000000002913      0x293 net/network.o
 .debug_abbrev  0x0000000000002ba6       0xfe net/protocols.o
 .debug_abbrev  0x0000000000002ca4      0x11f net/socket.o
 .debug_abbrev  0x0000000000002dc3      0x19b net/pop.o

.debug_loc      0x0000000000000000     0x671b
 .debug_loc     0x0000000000000000      0x142 init/main.o
 .debug_loc     0x0000000000000142       0x82 kernel/panic.o
 .debug_loc     0x00000000000001c4      0x11c kernel/kmalloc.o
 .debug_loc     0x00000000000002e0      0x200 kernel/interrupt.o
 .debug_loc     0x00000000000004e0      0x2a0 kernel/thread.o
 .debug_loc     0x0000000000000780      0x1d6 kernel/scheduler.o
 .debug_loc     0x0000000000000956      0x320 kernel/sleepq.o
 .debug_loc     0x0000000000000c76      0x209 kernel/semaphore.o
 .debug_loc     0x0000000000000e7f       0x87 kernel/exception.o
 .debug_loc     0x0000000000000f06       0x20 kernel/halt.o
 .debug_loc     0x0000000000000f26      0x18b kernel/lock_cond.o
 .debug_loc     0x00000000000010b1      0x435 lib/libc.o
 .debug_loc     0x00000000000014e6      0xb0f lib/xprintf.o
 .debug_loc     0x0000000000001ff5      0x3bf lib/bitmap.o
 .debug_loc     0x00000000000023b4       0x51 lib/debug.o
 .debug_loc     0x0000000000002405       0x4e drivers/polltty.o
 .debug_loc     0x0000000000002453       0x46 drivers/timer.o
 .debug_loc     0x0000000000002499      0x1fd drivers/bootargs.o
 .debug_loc     0x0000000000002696      0x103 drivers/device.o
 .debug_loc     0x0000000000002799      0x403 drivers/tty.o
 .debug_loc     0x0000000000002b9c      0x535 drivers/disk.o
 .debug_loc     0x00000000000030d1       0x3d drivers/disksched.o
 .debug_loc     0x000000000000310e      0x40f drivers/metadev.o
 .debug_loc     0x000000000000351d       0x5c proc/exception.o
 .debug_loc     0x0000000000003579       0xdd proc/elf.o
 .debug_loc     0x0000000000003656      0x675 proc/process.o
 .debug_loc     0x0000000000003ccb      0x2e0 proc/syscall.o
 .debug_loc     0x0000000000003fab      0x28c vm/vm.o
 .debug_loc     0x0000000000004237      0x154 vm/pagepool.o
 .debug_loc     0x000000000000438b       0x54 vm/tlb.o
 .debug_loc     0x00000000000043df      0xbeb fs/vfs.o
 .debug_loc     0x0000000000004fca      0xaab fs/tfs.o
 .debug_loc     0x0000000000005a75       0xb0 fs/filesystems.o
 .debug_loc     0x0000000000005b25      0x549 net/network.o
 .debug_loc     0x000000000000606e       0x6b net/protocols.o
 .debug_loc     0x00000000000060d9      0x1d1 net/socket.o
 .debug_loc     0x00000000000062aa      0x471 net/pop.o

.debug_aranges  0x0000000000000000      0x4a0
 .debug_aranges
                0x0000000000000000       0x20 init/main.o
 .debug_aranges
                0x0000000000000020       0x20 kernel/panic.o
 .debug_aranges
                0x0000000000000040       0x20 kernel/kmalloc.o
 .debug_aranges
                0x0000000000000060       0x20 kernel/interrupt.o
 .debug_aranges
                0x0000000000000080       0x20 kernel/thread.o
 .debug_aranges
                0x00000000000000a0       0x20 kernel/scheduler.o
 .debug_aranges
                0x00000000000000c0       0x20 kernel/sleepq.o
 .debug_aranges
                0x00000000000000e0       0x20 kernel/semaphore.o
 .debug_aranges
                0x0000000000000100       0x20 kernel/exception.o
 .debug_aranges
                0x0000000000000120       0x20 kernel/halt.o
 .debug_aranges
                0x0000000000000140       0x20 kernel/lock_cond.o
 .debug_aranges
                0x0000000000000160       0x20 lib/libc.o
 .debug_aranges
                0x0000000000000180       0x20 lib/xprintf.o
 .debug_aranges
                0x00000000000001a0       0x20 lib/bitmap.o
 .debug_aranges
                0x00000000000001c0       0x20 lib/debug.o
 .debug_aranges
                0x00000000000001e0       0x20 drivers/polltty.o
 .debug_aranges
                0x0000000000000200       0x20 drivers/timer.o
 .debug_aranges
                0x0000000000000220       0x20 drivers/bootargs.o
 .debug_aranges
                0x0000000000000240       0x20 drivers/device.o
 .debug_aranges
                0x0000000000000260       0x20 drivers/tty.o
 .debug_aranges
                0x0000000000000280       0x20 drivers/disk.o
 .debug_aranges
                0x00000000000002a0       0x20 drivers/disksched.o
 .debug_aranges
                0x00000000000002c0       0x20 drivers/metadev.o
 .debug_aranges
                0x00000000000002e0       0x20 proc/exception.o
 .debug_aranges
                0x0000000000000300       0x20 proc/elf.o
 .debug_aranges
                0x0000000000000320       0x20 proc/process.o
 .debug_aranges
                0x0000000000000340       0x20 proc/syscall.o
 .debug_aranges
                0x0000000000000360       0x20 vm/vm.o
 .debug_aranges
                0x0000000000000380       0x20 vm/pagepool.o
 .debug_aranges
                0x00000000000003a0       0x20 vm/tlb.o
 .debug_aranges
                0x00000000000003c0       0x20 fs/vfs.o
 .debug_aranges
                0x00000000000003e0       0x20 fs/tfs.o
 .debug_aranges
                0x0000000000000400       0x20 fs/filesystems.o
 .debug_aranges
                0x0000000000000420       0x20 net/network.o
 .debug_aranges
                0x0000000000000440       0x20 net/protocols.o
 .debug_aranges
                0x0000000000000460       0x20 net/socket.o
 .debug_aranges
                0x0000000000000480       0x20 net/pop.o

.debug_ranges   0x0000000000000000      0x340
 .debug_ranges  0x0000000000000000       0x18 init/main.o
 .debug_ranges  0x0000000000000018       0x28 kernel/thread.o
 .debug_ranges  0x0000000000000040       0x30 kernel/scheduler.o
 .debug_ranges  0x0000000000000070       0x30 lib/xprintf.o
 .debug_ranges  0x00000000000000a0       0x20 lib/bitmap.o
 .debug_ranges  0x00000000000000c0       0x18 drivers/bootargs.o
 .debug_ranges  0x00000000000000d8       0x30 drivers/device.o
 .debug_ranges  0x0000000000000108       0x40 drivers/tty.o
 .debug_ranges  0x0000000000000148       0x48 proc/process.o
 .debug_ranges  0x0000000000000190       0x38 proc/syscall.o
 .debug_ranges  0x00000000000001c8       0x50 fs/vfs.o
 .debug_ranges  0x0000000000000218      0x108 net/network.o
 .debug_ranges  0x0000000000000320       0x20 net/socket.o

.debug_line     0x0000000000000000     0x31f0
 .debug_line    0x0000000000000000      0x123 init/main.o
 .debug_line    0x0000000000000123       0x49 kernel/panic.o
 .debug_line    0x000000000000016c       0xc7 kernel/kmalloc.o
 .debug_line    0x0000000000000233      0x15b kernel/interrupt.o
 .debug_line    0x000000000000038e      0x1d5 kernel/thread.o
 .debug_line    0x0000000000000563      0x14e kernel/scheduler.o
 .debug_line    0x00000000000006b1      0x1a3 kernel/sleepq.o
 .debug_line    0x0000000000000854      0x104 kernel/semaphore.o
 .debug_line    0x0000000000000958       0xc6 kernel/exception.o
 .debug_line    0x0000000000000a1e       0x45 kernel/halt.o
 .debug_line    0x0000000000000a63       0xc3 kernel/lock_cond.o
 .debug_line    0x0000000000000b26      0x188 lib/libc.o
 .debug_line    0x0000000000000cae      0x26c lib/xprintf.o
 .debug_line    0x0000000000000f1a      0x125 lib/bitmap.o
 .debug_line    0x000000000000103f       0x83 lib/debug.o
 .debug_line    0x00000000000010c2       0x9c drivers/polltty.o
 .debug_line    0x000000000000115e       0x6d drivers/timer.o
 .debug_line    0x00000000000011cb       0xfa drivers/bootargs.o
 .debug_line    0x00000000000012c5       0xdd drivers/device.o
 .debug_line    0x00000000000013a2       0x70 drivers/drivers.o
 .debug_line    0x0000000000001412      0x1d4 drivers/tty.o
 .debug_line    0x00000000000015e6      0x1cb drivers/disk.o
 .debug_line    0x00000000000017b1       0x9f drivers/disksched.o
 .debug_line    0x0000000000001850      0x165 drivers/metadev.o
 .debug_line    0x00000000000019b5       0xe6 proc/exception.o
 .debug_line    0x0000000000001a9b       0xd2 proc/elf.o
 .debug_line    0x0000000000001b6d      0x359 proc/process.o
 .debug_line    0x0000000000001ec6      0x125 proc/syscall.o
 .debug_line    0x0000000000001feb      0x146 vm/vm.o
 .debug_line    0x0000000000002131       0xf6 vm/pagepool.o
 .debug_line    0x0000000000002227       0x81 vm/tlb.o
 .debug_line    0x00000000000022a8      0x39d fs/vfs.o
 .debug_line    0x0000000000002645      0x400 fs/tfs.o
 .debug_line    0x0000000000002a45       0xde fs/filesystems.o
 .debug_line    0x0000000000002b23      0x1ef net/network.o
 .debug_line    0x0000000000002d12       0x95 net/protocols.o
 .debug_line    0x0000000000002da7      0x184 net/socket.o
 .debug_line    0x0000000000002f2b      0x2c5 net/pop.o

.debug_str      0x0000000000000000     0x1b13
 .debug_str     0x0000000000000000      0x179 init/main.o
                                        0x1d2 (size before relaxing)
 .debug_str     0x0000000000000179       0x2e kernel/panic.o
                                         0xd8 (size before relaxing)
 .debug_str     0x00000000000001a7       0xc1 kernel/kmalloc.o
                                        0x1ba (size before relaxing)
 .debug_str     0x0000000000000268       0xb7 kernel/interrupt.o
                                        0x206 (size before relaxing)
 .debug_str     0x000000000000031f      0x258 kernel/thread.o
                                        0x354 (size before relaxing)
 .debug_str     0x0000000000000577       0x9e kernel/scheduler.o
                                        0x335 (size before relaxing)
 .debug_str     0x0000000000000615       0x85 kernel/sleepq.o
                                        0x2e6 (size before relaxing)
 .debug_str     0x000000000000069a       0x9e kernel/semaphore.o
                                        0x18d (size before relaxing)
 .debug_str     0x0000000000000738       0x67 kernel/exception.o
                                        0x13e (size before relaxing)
 .debug_str     0x000000000000079f       0x1a kernel/halt.o
                                         0xbf (size before relaxing)
 .debug_str     0x00000000000007b9       0x8e kernel/lock_cond.o
                                        0x178 (size before relaxing)
 .debug_str     0x0000000000000847       0x60 lib/libc.o
                                        0x12e (size before relaxing)
 .debug_str     0x00000000000008a7       0xa5 lib/xprintf.o
                                        0x1a8 (size before relaxing)
 .debug_str     0x000000000000094c       0x6e lib/bitmap.o
                                        0x122 (size before relaxing)
 .debug_str     0x00000000000009ba       0x2d lib/debug.o
                                         0xfb (size before relaxing)
 .debug_str     0x00000000000009e7       0x69 drivers/polltty.o
                                        0x167 (size before relaxing)
 .debug_str     0x0000000000000a50       0x20 drivers/timer.o
                                         0xf3 (size before relaxing)
 .debug_str     0x0000000000000a70       0x77 drivers/bootargs.o
                                        0x130 (size before relaxing)
 .debug_str     0x0000000000000ae7       0x8b drivers/device.o
                                        0x1c0 (size before relaxing)
 .debug_str     0x0000000000000b72       0x12 drivers/drivers.o
                                        0x178 (size before relaxing)
 .debug_str     0x0000000000000b84       0xaa drivers/tty.o
                                        0x26b (size before relaxing)
 .debug_str     0x0000000000000c2e      0x182 drivers/disk.o
                                        0x366 (size before relaxing)
 .debug_str     0x0000000000000db0       0x27 drivers/disksched.o
                                        0x197 (size before relaxing)
 .debug_str     0x0000000000000dd7      0x131 drivers/metadev.o
                                        0x2ca (size before relaxing)
 .debug_str     0x0000000000000f08       0x30 proc/exception.o
                                        0x251 (size before relaxing)
 .debug_str     0x0000000000000f38      0x193 proc/elf.o
                                        0x246 (size before relaxing)
 .debug_str     0x00000000000010cb      0x173 proc/process.o
                                        0x43a (size before relaxing)
 .debug_str     0x000000000000123e       0x44 proc/syscall.o
                                        0x1d2 (size before relaxing)
 .debug_str     0x0000000000001282       0x5f vm/vm.o
                                        0x19b (size before relaxing)
 .debug_str     0x00000000000012e1       0xad vm/pagepool.o
                                        0x1a6 (size before relaxing)
 .debug_str     0x000000000000138e       0x50 vm/tlb.o
                                        0x16b (size before relaxing)
 .debug_str     0x00000000000013de      0x1e2 fs/vfs.o
                                        0x474 (size before relaxing)
 .debug_str     0x00000000000015c0       0xd2 fs/tfs.o
                                        0x3aa (size before relaxing)
 .debug_str     0x0000000000001692       0x48 fs/filesystems.o
                                        0x2dd (size before relaxing)
 .debug_str     0x00000000000016da      0x1f8 net/network.o
                                        0x37d (size before relaxing)
 .debug_str     0x00000000000018d2       0x61 net/protocols.o
                                        0x150 (size before relaxing)
 .debug_str     0x0000000000001933       0xad net/socket.o
                                        0x1c6 (size before relaxing)
 .debug_str     0x00000000000019e0      0x133 net/pop.o
                                        0x2f7 (size before relaxing)

.debug_frame    0x0000000000000000     0x14ac
 .debug_frame   0x0000000000000000       0x64 init/main.o
 .debug_frame   0x0000000000000064       0x2c kernel/panic.o
 .debug_frame   0x0000000000000090       0x80 kernel/kmalloc.o
 .debug_frame   0x0000000000000110       0x70 kernel/interrupt.o
 .debug_frame   0x0000000000000180       0xe4 kernel/thread.o
 .debug_frame   0x0000000000000264       0x7c kernel/scheduler.o
 .debug_frame   0x00000000000002e0       0x8c kernel/sleepq.o
 .debug_frame   0x000000000000036c       0x90 kernel/semaphore.o
 .debug_frame   0x00000000000003fc       0x40 kernel/exception.o
 .debug_frame   0x000000000000043c       0x28 kernel/halt.o
 .debug_frame   0x0000000000000464       0xac kernel/lock_cond.o
 .debug_frame   0x0000000000000510       0xa8 lib/libc.o
 .debug_frame   0x00000000000005b8       0xdc lib/xprintf.o
 .debug_frame   0x0000000000000694       0x9c lib/bitmap.o
 .debug_frame   0x0000000000000730       0x28 lib/debug.o
 .debug_frame   0x0000000000000758       0x40 drivers/polltty.o
 .debug_frame   0x0000000000000798       0x28 drivers/timer.o
 .debug_frame   0x00000000000007c0       0x40 drivers/bootargs.o
 .debug_frame   0x0000000000000800       0x48 drivers/device.o
 .debug_frame   0x0000000000000848       0x9c drivers/tty.o
 .debug_frame   0x00000000000008e4       0xec drivers/disk.o
 .debug_frame   0x00000000000009d0       0x20 drivers/disksched.o
 .debug_frame   0x00000000000009f0      0x130 drivers/metadev.o
 .debug_frame   0x0000000000000b20       0x28 proc/exception.o
 .debug_frame   0x0000000000000b48       0x3c proc/elf.o
 .debug_frame   0x0000000000000b84      0x13c proc/process.o
 .debug_frame   0x0000000000000cc0       0x60 proc/syscall.o
 .debug_frame   0x0000000000000d20       0xac vm/vm.o
 .debug_frame   0x0000000000000dcc       0x70 vm/pagepool.o
 .debug_frame   0x0000000000000e3c       0x5c vm/tlb.o
 .debug_frame   0x0000000000000e98      0x250 fs/vfs.o
 .debug_frame   0x00000000000010e8      0x13c fs/tfs.o
 .debug_frame   0x0000000000001224       0x34 fs/filesystems.o
 .debug_frame   0x0000000000001258       0xe4 net/network.o
 .debug_frame   0x000000000000133c       0x40 net/protocols.o
 .debug_frame   0x000000000000137c       0x6c net/socket.o
 .debug_frame   0x00000000000013e8       0xc4 net/pop.o

Cross Reference Table

Symbol                                            File
DEBUG                                             lib/debug.o
                                                  init/main.o
KERNEL_ENDS_HERE                                  kernel/kmalloc.o
_cswitch_switch                                   kernel/cswitch.o
_cswitch_to_userland                              kernel/cswitch.o
                                                  kernel/thread.o
_cswitch_vector_code                              kernel/cswitch.o
                                                  kernel/interrupt.o
_get_rand                                         lib/rand.o
                                                  kernel/scheduler.o
_idle_thread_wait_loop                            kernel/idle.o
                                                  kernel/thread.o
                                                  init/_boot.o
_interrupt_clear_EXL                              kernel/_interrupt.o
                                                  proc/exception.o
                                                  kernel/exception.o
_interrupt_clear_bootstrap                        kernel/_interrupt.o
                                                  init/main.o
                                                  init/_boot.o
_interrupt_clear_sw                               kernel/_interrupt.o
_interrupt_clear_sw0                              kernel/_interrupt.o
                                                  kernel/interrupt.o
_interrupt_clear_sw1                              kernel/_interrupt.o
_interrupt_disable                                kernel/_interrupt.o
                                                  vm/pagepool.o
                                                  proc/process.o
                                                  proc/exception.o
                                                  drivers/metadev.o
                                                  drivers/disk.o
                                                  drivers/tty.o
                                                  drivers/timer.o
                                                  lib/xprintf.o
                                                  kernel/lock_cond.o
                                                  kernel/exception.o
                                                  kernel/semaphore.o
                                                  kernel/sleepq.o
                                                  kernel/scheduler.o
                                                  kernel/thread.o
                                                  kernel/panic.o
_interrupt_enable                                 kernel/_interrupt.o
                                                  proc/exception.o
                                                  kernel/thread.o
                                                  init/main.o
                                                  init/_boot.o
_interrupt_generate_sw0                           kernel/_interrupt.o
                                                  kernel/thread.o
                                                  init/_boot.o
_interrupt_get_state                              kernel/_interrupt.o
                                                  kernel/sleepq.o
_interrupt_getcpu                                 kernel/_interrupt.o
                                                  drivers/metadev.o
                                                  kernel/scheduler.o
                                                  kernel/thread.o
                                                  kernel/interrupt.o
                                                  kernel/panic.o
_interrupt_set_EXL                                kernel/_interrupt.o
                                                  proc/exception.o
                                                  kernel/exception.o
_interrupt_set_state                              kernel/_interrupt.o
                                                  vm/pagepool.o
                                                  proc/process.o
                                                  drivers/metadev.o
                                                  drivers/disk.o
                                                  drivers/tty.o
                                                  drivers/timer.o
                                                  lib/xprintf.o
                                                  kernel/lock_cond.o
                                                  kernel/exception.o
                                                  kernel/semaphore.o
                                                  kernel/sleepq.o
                                                  kernel/scheduler.o
                                                  kernel/thread.o
_kernel_panic                                     kernel/panic.o
                                                  net/pop.o
                                                  net/socket.o
                                                  net/network.o
                                                  fs/vfs.o
                                                  vm/tlb.o
                                                  vm/pagepool.o
                                                  vm/vm.o
                                                  proc/syscall.o
                                                  proc/process.o
                                                  proc/exception.o
                                                  drivers/metadev.o
                                                  drivers/disk.o
                                                  drivers/tty.o
                                                  lib/bitmap.o
                                                  kernel/lock_cond.o
                                                  kernel/exception.o
                                                  kernel/semaphore.o
                                                  kernel/sleepq.o
                                                  kernel/scheduler.o
                                                  kernel/thread.o
                                                  kernel/interrupt.o
                                                  kernel/kmalloc.o
                                                  init/main.o
_set_rand_seed                                    lib/rand.o
                                                  init/main.o
_start                                            init/_boot.o
_timer_set_ticks                                  drivers/_timer.o
                                                  drivers/timer.o
_tlb_get_exception_state                          vm/_tlb.o
                                                  kernel/exception.o
_tlb_get_maxindex                                 vm/_tlb.o
                                                  vm/tlb.o
                                                  proc/process.o
_tlb_probe                                        vm/_tlb.o
_tlb_read                                         vm/_tlb.o
_tlb_set_asid                                     vm/_tlb.o
                                                  vm/tlb.o
_tlb_write                                        vm/_tlb.o
                                                  vm/tlb.o
_tlb_write_random                                 vm/_tlb.o
atoi                                              lib/libc.o
                                                  init/main.o
bitmap_findnset                                   lib/bitmap.o
                                                  fs/tfs.o
                                                  vm/pagepool.o
bitmap_get                                        lib/bitmap.o
                                                  fs/tfs.o
                                                  vm/pagepool.o
bitmap_init                                       lib/bitmap.o
                                                  vm/pagepool.o
bitmap_set                                        lib/bitmap.o
                                                  fs/tfs.o
                                                  vm/pagepool.o
bitmap_sizeof                                     lib/bitmap.o
                                                  vm/pagepool.o
bootargs_get                                      drivers/bootargs.o
                                                  lib/debug.o
                                                  init/main.o
bootargs_init                                     drivers/bootargs.o
                                                  init/main.o
condition_broadcast                               kernel/lock_cond.o
condition_init                                    kernel/lock_cond.o
condition_signal                                  kernel/lock_cond.o
condition_wait                                    kernel/lock_cond.o
cpustatus_count                                   drivers/metadev.o
                                                  init/main.o
cpustatus_generate_irq                            drivers/metadev.o
cpustatus_init                                    drivers/metadev.o
                                                  drivers/drivers.o
cpustatus_interrupt_handle                        drivers/metadev.o
device_get                                        drivers/device.o
                                                  net/network.o
                                                  fs/vfs.o
                                                  proc/syscall.o
                                                  init/main.o
device_init                                       drivers/device.o
                                                  init/main.o
disk_init                                         drivers/disk.o
                                                  drivers/drivers.o
disksched_schedule                                drivers/disksched.o
                                                  drivers/disk.o
drivers_available                                 drivers/drivers.o
                                                  drivers/device.o
elf_parse_header                                  proc/elf.o
                                                  proc/process.o
filesystems_try_all                               fs/filesystems.o
                                                  fs/vfs.o
halt_kernel                                       kernel/halt.o
                                                  proc/syscall.o
                                                  init/main.o
init                                              init/main.o
                                                  init/_boot.o
init_startup_fallback                             init/main.o
init_startup_thread                               init/main.o
interrupt_handle                                  kernel/interrupt.o
                                                  kernel/cswitch.o
interrupt_init                                    kernel/interrupt.o
                                                  init/main.o
interrupt_register                                kernel/interrupt.o
                                                  drivers/metadev.o
                                                  drivers/disk.o
                                                  drivers/tty.o
interrupt_stacks                                  kernel/interrupt.o
                                                  kernel/cswitch.o
kernel_bootstrap_finished                         init/main.o
                                                  init/_boot.o
kernel_exception_handle                           kernel/exception.o
                                                  kernel/cswitch.o
kmalloc                                           kernel/kmalloc.o
                                                  vm/pagepool.o
                                                  drivers/metadev.o
                                                  drivers/disk.o
                                                  drivers/tty.o
                                                  drivers/bootargs.o
                                                  kernel/interrupt.o
kmalloc_disable                                   kernel/kmalloc.o
                                                  vm/vm.o
kmalloc_get_numpages                              kernel/kmalloc.o
                                                  vm/pagepool.o
kmalloc_get_reserved_pages                        kernel/kmalloc.o
                                                  vm/pagepool.o
kmalloc_init                                      kernel/kmalloc.o
                                                  init/main.o
kprintf                                           lib/xprintf.o
                                                  net/network.o
                                                  fs/filesystems.o
                                                  fs/tfs.o
                                                  fs/vfs.o
                                                  vm/pagepool.o
                                                  vm/vm.o
                                                  drivers/metadev.o
                                                  drivers/disk.o
                                                  drivers/device.o
                                                  kernel/halt.o
                                                  kernel/exception.o
                                                  kernel/interrupt.o
                                                  kernel/kmalloc.o
                                                  kernel/panic.o
                                                  init/main.o
kprintf_slock                                     lib/xprintf.o
                                                  drivers/tty.o
kread                                             lib/libc.o
kvprintf                                          lib/xprintf.o
                                                  lib/debug.o
kwrite                                            lib/libc.o
                                                  proc/process.o
                                                  init/main.o
lock_acquire                                      kernel/lock_cond.o
lock_release                                      kernel/lock_cond.o
lock_reset                                        kernel/lock_cond.o
memcopy                                           lib/libc.o
                                                  net/pop.o
                                                  net/network.o
                                                  fs/tfs.o
meminfo_get_pages                                 drivers/metadev.o
meminfo_init                                      drivers/metadev.o
                                                  drivers/drivers.o
memoryset                                         lib/libc.o
                                                  fs/tfs.o
                                                  proc/process.o
                                                  proc/elf.o
network_free_frame                                net/network.o
                                                  net/pop.o
network_get_broadcast_address                     net/network.o
network_get_loopback_address                      net/network.o
network_get_mtu                                   net/network.o
                                                  net/pop.o
network_get_source_address                        net/network.o
network_init                                      net/network.o
                                                  init/main.o
network_interfaces                                net/network.o
network_protocols                                 net/protocols.o
network_send                                      net/network.o
                                                  net/pop.o
open_sockets                                      net/pop.o
                                                  net/socket.o
open_sockets_sem                                  net/pop.o
                                                  net/socket.o
pagepool_free_phys_page                           vm/pagepool.o
                                                  net/network.o
                                                  fs/tfs.o
                                                  vm/vm.o
pagepool_get_phys_page                            vm/pagepool.o
                                                  net/pop.o
                                                  net/network.o
                                                  fs/tfs.o
                                                  vm/vm.o
                                                  proc/process.o
pagepool_init                                     vm/pagepool.o
                                                  vm/vm.o
polltty_getchar                                   drivers/polltty.o
                                                  lib/libc.o
polltty_init                                      drivers/polltty.o
                                                  init/main.o
polltty_putchar                                   drivers/polltty.o
                                                  lib/xprintf.o
                                                  lib/libc.o
pop_init                                          net/pop.o
                                                  net/protocols.o
pop_push_frame                                    net/pop.o
                                                  net/protocols.o
process_clear                                     proc/process.o
process_finish                                    proc/process.o
                                                  proc/syscall.o
process_get_current_process                       proc/process.o
process_init                                      proc/process.o
                                                  init/main.o
process_join                                      proc/process.o
                                                  proc/syscall.o
process_launch                                    proc/process.o
process_run                                       proc/process.o
                                                  init/main.o
process_spawn                                     proc/process.o
                                                  proc/syscall.o
process_start                                     proc/process.o
process_table                                     proc/process.o
process_table_slock                               proc/process.o
protocols_get_frame_handler                       net/protocols.o
                                                  net/network.o
protocols_init                                    net/protocols.o
                                                  net/network.o
rtc_get_clockspeed                                drivers/metadev.o
rtc_get_msec                                      drivers/metadev.o
                                                  net/pop.o
rtc_init                                          drivers/metadev.o
                                                  drivers/drivers.o
scheduler_add_ready                               kernel/scheduler.o
                                                  kernel/thread.o
scheduler_add_to_ready_list                       kernel/scheduler.o
                                                  kernel/sleepq.o
scheduler_current_thread                          kernel/scheduler.o
                                                  kernel/thread.o
                                                  kernel/interrupt.o
                                                  kernel/cswitch.o
scheduler_init                                    kernel/scheduler.o
                                                  init/main.o
scheduler_schedule                                kernel/scheduler.o
                                                  kernel/interrupt.o
semaphore_P                                       kernel/semaphore.o
                                                  net/pop.o
                                                  net/socket.o
                                                  fs/tfs.o
                                                  fs/vfs.o
                                                  drivers/disk.o
semaphore_V                                       kernel/semaphore.o
                                                  net/pop.o
                                                  net/socket.o
                                                  fs/tfs.o
                                                  fs/vfs.o
                                                  drivers/disk.o
semaphore_create                                  kernel/semaphore.o
                                                  net/pop.o
                                                  net/socket.o
                                                  fs/tfs.o
                                                  fs/vfs.o
                                                  drivers/disk.o
semaphore_destroy                                 kernel/semaphore.o
                                                  net/socket.o
                                                  fs/tfs.o
                                                  drivers/disk.o
semaphore_init                                    kernel/semaphore.o
                                                  init/main.o
shutdown                                          drivers/metadev.o
                                                  kernel/halt.o
                                                  kernel/panic.o
shutdown_init                                     drivers/metadev.o
                                                  drivers/drivers.o
sleepq_add                                        kernel/sleepq.o
                                                  proc/process.o
                                                  drivers/tty.o
                                                  kernel/lock_cond.o
                                                  kernel/semaphore.o
sleepq_init                                       kernel/sleepq.o
                                                  init/main.o
sleepq_wake                                       kernel/sleepq.o
                                                  kernel/lock_cond.o
                                                  kernel/semaphore.o
sleepq_wake_all                                   kernel/sleepq.o
                                                  proc/process.o
                                                  drivers/tty.o
                                                  kernel/lock_cond.o
snprintf                                          lib/xprintf.o
                                                  init/main.o
socket_close                                      net/socket.o
socket_init                                       net/socket.o
                                                  net/network.o
socket_open                                       net/socket.o
socket_recvfrom                                   net/pop.o
socket_sendto                                     net/pop.o
spinlock_acquire                                  kernel/_spinlock.o
                                                  vm/pagepool.o
                                                  proc/process.o
                                                  drivers/metadev.o
                                                  drivers/disk.o
                                                  drivers/tty.o
                                                  lib/xprintf.o
                                                  kernel/lock_cond.o
                                                  kernel/semaphore.o
                                                  kernel/sleepq.o
                                                  kernel/scheduler.o
                                                  kernel/thread.o
spinlock_release                                  kernel/_spinlock.o
                                                  vm/pagepool.o
                                                  proc/process.o
                                                  drivers/metadev.o
                                                  drivers/disk.o
                                                  drivers/tty.o
                                                  lib/xprintf.o
                                                  kernel/lock_cond.o
                                                  kernel/semaphore.o
                                                  kernel/sleepq.o
                                                  kernel/scheduler.o
                                                  kernel/thread.o
spinlock_reset                                    kernel/_spinlock.o
                                                  vm/pagepool.o
                                                  proc/process.o
                                                  drivers/metadev.o
                                                  drivers/disk.o
                                                  drivers/tty.o
                                                  kernel/lock_cond.o
                                                  kernel/semaphore.o
                                                  kernel/sleepq.o
                                                  kernel/thread.o
stringcmp                                         lib/libc.o
                                                  fs/tfs.o
                                                  fs/vfs.o
stringcopy                                        lib/libc.o
                                                  fs/tfs.o
                                                  fs/vfs.o
                                                  proc/process.o
strlen                                            lib/libc.o
                                                  drivers/bootargs.o
syscall_handle                                    proc/syscall.o
                                                  proc/exception.o
syscall_read                                      proc/syscall.o
syscall_write                                     proc/syscall.o
tfs_close                                         fs/tfs.o
tfs_create                                        fs/tfs.o
tfs_getfree                                       fs/tfs.o
tfs_init                                          fs/tfs.o
                                                  fs/filesystems.o
tfs_open                                          fs/tfs.o
tfs_read                                          fs/tfs.o
tfs_remove                                        fs/tfs.o
tfs_unmount                                       fs/tfs.o
tfs_write                                         fs/tfs.o
thread_create                                     kernel/thread.o
                                                  net/pop.o
                                                  net/network.o
                                                  proc/process.o
                                                  init/main.o
thread_finish                                     kernel/thread.o
                                                  proc/process.o
thread_get_current_thread                         kernel/thread.o
                                                  proc/process.o
                                                  kernel/semaphore.o
                                                  kernel/sleepq.o
thread_get_current_thread_entry                   kernel/thread.o
                                                  proc/process.o
                                                  proc/exception.o
                                                  kernel/interrupt.o
thread_goto_userland                              kernel/thread.o
                                                  proc/process.o
thread_run                                        kernel/thread.o
                                                  net/pop.o
                                                  net/network.o
                                                  proc/process.o
                                                  init/main.o
thread_stack_areas                                kernel/thread.o
thread_switch                                     kernel/thread.o
                                                  proc/process.o
                                                  drivers/tty.o
                                                  kernel/lock_cond.o
                                                  kernel/semaphore.o
                                                  init/main.o
thread_table                                      kernel/sleepq.o
                                                  kernel/scheduler.o
                                                  kernel/thread.o
                                                  kernel/cswitch.o
thread_table_init                                 kernel/thread.o
                                                  init/main.o
thread_table_slock                                kernel/sleepq.o
                                                  kernel/scheduler.o
                                                  kernel/thread.o
timer_set_ticks                                   drivers/timer.o
                                                  kernel/scheduler.o
tlb_fill                                          vm/tlb.o
                                                  proc/process.o
                                                  kernel/interrupt.o
tlb_load_exception                                vm/tlb.o
tlb_modified_exception                            vm/tlb.o
tlb_store_exception                               vm/tlb.o
tty_init                                          drivers/tty.o
                                                  drivers/drivers.o
tty_interrupt_handle                              drivers/tty.o
user_exception_handle                             proc/exception.o
                                                  kernel/cswitch.o
vfs_close                                         fs/vfs.o
vfs_create                                        fs/vfs.o
vfs_deinit                                        fs/vfs.o
                                                  kernel/halt.o
vfs_getfree                                       fs/vfs.o
vfs_init                                          fs/vfs.o
                                                  init/main.o
vfs_mount                                         fs/vfs.o
vfs_mount_all                                     fs/vfs.o
                                                  init/main.o
vfs_mount_fs                                      fs/vfs.o
vfs_open                                          fs/vfs.o
                                                  proc/process.o
vfs_read                                          fs/vfs.o
                                                  proc/process.o
                                                  proc/elf.o
vfs_remove                                        fs/vfs.o
vfs_seek                                          fs/vfs.o
                                                  proc/process.o
                                                  proc/elf.o
vfs_unmount                                       fs/vfs.o
vfs_write                                         fs/vfs.o
vm_create_pagetable                               vm/vm.o
                                                  proc/process.o
vm_destroy_pagetable                              vm/vm.o
                                                  proc/process.o
vm_init                                           vm/vm.o
                                                  init/main.o
vm_map                                            vm/vm.o
                                                  proc/process.o
vm_set_dirty                                      vm/vm.o
                                                  proc/process.o
vm_unmap                                          vm/vm.o
vsnprintf                                         lib/xprintf.o
